
🚀 Starting audit for: Gutierrez Painting & Drywall
📍 Mode: NO WEBSITE (Mode B)


[Iteration 1] Calling Claude...
  🔧 search_web: {"query":"Gutierrez Painting & Drywall Kendall Miami FL","limit":10}
  🔧 search_web: {"query":"painting contractor Kendall Miami","limit":10}
  🔧 search_web: {"query":"Gutierrez Painting Drywall Facebook","limit":5}
  🔧 search_web: {"query":"Gutierrez Painting Drywall Instagram","limit":5}
  🔧 search_web: {"query":"\"painting contractor\" Kendall Miami monthly search volume keywords","limit":5}

[Iteration 2] Calling Claude...

[Iteration 3] Calling Claude...

[Iteration 4] Calling Claude...

✅ Claude finished. HTML length: 13925 chars

📄 HTML saved to: /Users/othmarcasilla/Documents/research/oac-ghl-bridge/test-output.html

🎯 Opening in browser...
